// Jest Snapshot v1, https://goo.gl/fbAQLP

exports[`actionNameCellFormatter render 1`] = `
<TableCell
  align=""
  className=""
>
  <a
    href="/some-url/some-id"
  >
    action-name
  </a>
</TableCell>
`;
