// Jest Snapshot v1, https://goo.gl/fbAQLP

exports[`Hello component rendering 1`] = `
<h1>
  Hello React
</h1>
`;
