// Jest Snapshot v1, https://goo.gl/fbAQLP

exports[`IndexTasks render without Props 1`] = `
<div>
  <h1>
    Hello Foreman Tasks
  </h1>
  <h2>
    index-tasks-page
  </h2>
</div>
`;
