// Jest Snapshot v1, https://goo.gl/fbAQLP

exports[`ShowTask render without Props 1`] = `
<div>
  <h1>
    Hello Foreman Tasks
  </h1>
  <h2>
    show-task-page
  </h2>
</div>
`;
